C:\Program Files\nodejs\node.exe D:\Dev\adrien-febvay\minify-css-ident\node_modules\webpack\bin\webpack.js --config test.js 1 1